// Jest Snapshot v1, https://goo.gl/fbAQLP

exports[`should take a snapshot 1`] = `
<DocumentFragment>
  <div
    class="related-products"
  >
    <div
      class="title"
      data-testid="title"
    >
      RELATED PRODUCTS
    </div>
    <div
      class="main"
    >
      <div
        class="scroll-left"
        style="display: none;"
      >
        <div
          class="arrow-left"
        />
        <button
          type="button"
        />
      </div>
      <div
        class="scroll-right"
        style="display: none;"
      >
        <div
          class="arrow-right"
        />
        <button
          type="button"
        />
      </div>
      <div
        class="carousel"
      >
        <div
          class="carousel-wrapper"
          style="left: 0px;"
        />
      </div>
    </div>
  </div>
</DocumentFragment>
`;
